[backblue.gif]
[fade.gif]
[index.html]
[www.thirst.com.ph/assets/favicon-9aaa40f52c834ed7fb51bb8d75150b17590e1582bb8eeb83998e71d634f25c16.ico]
[cdn.jsdelivr.net/npm/slick-carousel@1.8.1/slick/slick.css]
[code.jquery.com/jquery-migrate-1.2.1.min.js]
[www.thirst.com.ph/assets/application-93dbd42028096a80aaaa0e5dff041132c2e4c857b8efc3bcd9a29a80511c8f4c.js]
[code.jquery.com/jquery-1.11.0.min.js]
[cdn.jsdelivr.net/npm/slick-carousel@1.8.1/slick/slick.min.js]
[www.smartsuppchat.com/loaderd41d.js]
[www.thirst.com.ph/assets/img/codigo.png]
[www.thirst.com.ph/assets/img/logo-2.png]
[www.thirst.com.ph/assets/img/logo-3.png]
[www.thirst.com.ph/assets/img/logo-4.png]
[www.thirst.com.ph/assets/img/logo-5.png]
[www.thirst.com.ph/assets/img/logo-6.png]
[www.thirst.com.ph/index.html]
[www.thirst.com.ph/assets/Nunito-Light.eot]
[www.thirst.com.ph/assets/Nunito-Lightd41d.eot]
[www.thirst.com.ph/assets/Nunito-Light.woff]
[www.thirst.com.ph/assets/Nunito-Light.ttf]
[www.thirst.com.ph/assets/Nunito-Regular.eot]
[www.thirst.com.ph/assets/Nunito-Regulard41d.eot]
[www.thirst.com.ph/assets/Nunito-Regular.woff]
[www.thirst.com.ph/assets/Nunito-Regular.ttf]
[www.thirst.com.ph/assets/Nunito-SemiBold.eot]
[www.thirst.com.ph/assets/Nunito-SemiBoldd41d.eot]
[www.thirst.com.ph/assets/Nunito-SemiBold.woff]
[www.thirst.com.ph/assets/Nunito-SemiBold.ttf]
[www.thirst.com.ph/assets/Nunito-Bold.eot]
[www.thirst.com.ph/assets/Nunito-Boldd41d.eot]
[www.thirst.com.ph/assets/Nunito-Bold.woff]
[www.thirst.com.ph/assets/Nunito-Bold.ttf]
[www.thirst.com.ph/assets/whisky.jpg]
[www.thirst.com.ph/assets/unicons8adf.eot]
[www.thirst.com.ph/assets/unicons8adf.woff2]
[www.thirst.com.ph/assets/unicons8adf.woff]
[www.thirst.com.ph/assets/unicons8adf.ttf]
[www.thirst.com.ph/assets/dripicons-v2.eot]
[www.thirst.com.ph/assets/dripicons-v2d41d.eot]
[www.thirst.com.ph/assets/dripicons-v2.woff]
[www.thirst.com.ph/assets/dripicons-v2.ttf]
[www.thirst.com.ph/assets/materialdesignicons-webfontd41d.eot]
[www.thirst.com.ph/assets/materialdesignicons-webfont1d2d.woff2]
[www.thirst.com.ph/assets/materialdesignicons-webfont1d2d.woff]
[www.thirst.com.ph/assets/materialdesignicons-webfont1d2d.ttf]
[www.thirst.com.ph/assets/webfonts/fontawesome-webfontb4a8.eot]
[www.thirst.com.ph/assets/webfonts/fontawesome-webfontd41d.eot]
[www.thirst.com.ph/assets/webfonts/fontawesome-webfontb4a8.woff2]
[www.thirst.com.ph/assets/webfonts/fontawesome-webfontb4a8.woff]
[www.thirst.com.ph/assets/webfonts/fontawesome-webfontb4a8.ttf]
[www.thirst.com.ph/assets/webfonts/fa-regular-400.eot]
[www.thirst.com.ph/assets/webfonts/fa-regular-400d41d.eot]
[www.thirst.com.ph/assets/webfonts/fa-regular-400.woff2]
[www.thirst.com.ph/assets/webfonts/fa-regular-400.woff]
[www.thirst.com.ph/assets/webfonts/fa-regular-400.ttf]
[www.thirst.com.ph/assets/webfonts/fa-brands-400.eot]
[www.thirst.com.ph/assets/webfonts/fa-brands-400d41d.eot]
[www.thirst.com.ph/assets/webfonts/fa-brands-400.woff2]
[www.thirst.com.ph/assets/webfonts/fa-brands-400.woff]
[www.thirst.com.ph/assets/webfonts/fa-brands-400.ttf]
[www.thirst.com.ph/assets/webfonts/fa-solid-900.eot]
[www.thirst.com.ph/assets/webfonts/fa-solid-900d41d.eot]
[www.thirst.com.ph/assets/webfonts/fa-solid-900.woff2]
[www.thirst.com.ph/assets/webfonts/fa-solid-900.woff]
[www.thirst.com.ph/assets/webfonts/fa-solid-900.ttf]
[www.thirst.com.ph/assets/cerapro/Cera-Pro-Light.otf]
[www.thirst.com.ph/assets/cerapro/Cera-Pro-Regular-Italic.otf]
[www.thirst.com.ph/assets/cerapro/Cera-Pro-Medium.otf]
[www.thirst.com.ph/assets/cerapro/Cera-Pro-Bold.otf]
[www.thirst.com.ph/assets/cerapro/Cera-Pro-Black.otf]
[www.thirst.com.ph/assets/cerapro/Cera-Pro-Black-Italic.otf]
[www.thirst.com.ph/assets/img/gallery-2.png]
[www.thirst.com.ph/assets/application-6fc76066bf5f1c29ca82b579271b3f80d48657afd9f1c8a794888e6d2bcc6ae4.css]
[cdn.jsdelivr.net/npm/slick-carousel@1.8.1/slick/slick.css]
[www.thirst.com.ph/checkout.html]
[www.thirst.com.ph/assets/thirst-logo-blue-879cdfc3560b747f38245cac63fd280dfb1bd94e649250e006b67907676115a1.svg]
[www.thirst.com.ph/users/password/new.html]
[www.thirst.com.ph/users/sign_up.html]
[www.thirst.com.ph/assets/thirst-logo-203fe6b89988e85186b66127ad07ab439ed858b7448facc7cfdf877d994ffaf6.svg]
[www.thirst.com.ph/home.html]
[www.thirst.com.ph/rails/active_storage/representations/redirect/eyJfcmFpbHMiOnsibWVzc2FnZSI6IkJBaHBBbThJIiwiZXh/eyJfcmFpbHMiOnsibWVzc2FnZSI6IkJBaDdDRG9MWm05eWJ/2000x 400 Woodbridge banner revised.12.delaye]
[www.thirst.com.ph/products/18.html]
[www.thirst.com.ph/products/19.html]
[www.thirst.com.ph/products/72.html]
[www.thirst.com.ph/products/84.html]
[www.thirst.com.ph/products/86.html]
[www.thirst.com.ph/products/87.html]
[www.thirst.com.ph/rails/active_storage/representations/redirect/eyJfcmFpbHMiOnsibWVzc2FnZSI6IkJBaHBYQT09IiwiZXh/eyJfcmFpbHMiOnsibWVzc2FnZSI6IkJBaDdDRG9MWm05eWJ/BP_CHARDONNAY_Twin_Pack__Backfat_Bites.20.del]
[www.thirst.com.ph/home4658.html]
[www.thirst.com.ph/home9ba9.html]
[www.thirst.com.ph/homefdb0.html]
[www.thirst.com.ph/homeaf4d.html]
[www.thirst.com.ph/homec575.html]
[www.thirst.com.ph/home235c.html]
[www.thirst.com.ph/images/waves.html]
[www.thirst.com.ph/assets/Nunito-Light.svg]
[www.thirst.com.ph/assets/Nunito-Regular.svg]
[www.thirst.com.ph/assets/Nunito-SemiBold.svg]
[www.thirst.com.ph/assets/Nunito-Bold.svg]
[www.thirst.com.ph/images/bg-pattern.html]
[www.thirst.com.ph/assets/bg-pattern-light.svg]
[www.thirst.com.ph/assets/unicons8adf.svg]
[www.thirst.com.ph/assets/dripicons-v2.svg]
[www.thirst.com.ph/assets/webfonts/fontawesome-webfontb4a8.svg]
[www.thirst.com.ph/assets/webfonts/fa-regular-400.svg]
[www.thirst.com.ph/assets/webfonts/fa-brands-400.svg]
[www.thirst.com.ph/assets/webfonts/fa-solid-900.svg]
[www.thirst.com.ph/signin.html]
[www.thirst.com.ph/users/confirmation/new.html]
[www.thirst.com.ph/locations/1.html]
[www.thirst.com.ph/locations/2.html]
[www.thirst.com.ph/locations/3.html]
[www.thirst.com.ph/locations/7.html]
[www.thirst.com.ph/locations/9.html]
[www.thirst.com.ph/locations/13.html]
[www.thirst.com.ph/assets/product-cover-0fda17da98372682e21626d4987aa6a2e62e5ffd97ab46f27e5bacced8b67cf4.jpg]
[www.thirst.com.ph/categories/17.html]
[www.thirst.com.ph/categories/27.html]
[www.thirst.com.ph/categories/25.html]
[www.thirst.com.ph/products/98.html]
[www.thirst.com.ph/products/116.html]
[www.thirst.com.ph/products/122.html]
[www.thirst.com.ph/products/141.html]
[www.thirst.com.ph/products/196.html]
[www.thirst.com.ph/products/250.html]
[www.thirst.com.ph/home2679.html]
[www.thirst.com.ph/products/269.html]
[www.thirst.com.ph/products/307.html]
[www.thirst.com.ph/products/327.html]
[www.thirst.com.ph/products/372.html]
[www.thirst.com.ph/products/426.html]
[www.thirst.com.ph/products/427.html]
[www.thirst.com.ph/products/480.html]
[www.thirst.com.ph/products/501.html]
[www.thirst.com.ph/products/502.html]
[www.thirst.com.ph/products/503.html]
[www.thirst.com.ph/products/514.html]
[www.thirst.com.ph/products/518.html]
[www.thirst.com.ph/products/521.html]
[www.thirst.com.ph/products/522.html]
[www.thirst.com.ph/products/570.html]
[www.thirst.com.ph/products/677.html]
[www.thirst.com.ph/products/684.html]
[www.thirst.com.ph/products/685.html]
[www.thirst.com.ph/products/686.html]
[www.thirst.com.ph/products/687.html]
[www.thirst.com.ph/rails/active_storage/representations/redirect/eyJfcmFpbHMiOnsibWVzc2FnZSI6IkJBaHBBbzBJIiwiZXh/eyJfcmFpbHMiOnsibWVzc2FnZSI6IkJBaDdDRG9MWm05eWJ/Hardy's Stamp Shiraz - Cabernet 2+1.ec.delaye]
[www.thirst.com.ph/products/688.html]
[www.thirst.com.ph/rails/active_storage/representations/redirect/eyJfcmFpbHMiOnsibWVzc2FnZSI6IkJBaHBBcEFJIiwiZXh/eyJfcmFpbHMiOnsibWVzc2FnZSI6IkJBaDdDRG9MWm05eWJ/Hardy's Stamp Chardonnay Semillon 2+1.ee.dela]
[www.thirst.com.ph/products/689.html]
[www.thirst.com.ph/products/690.html]
[www.thirst.com.ph/products/691.html]
[www.thirst.com.ph/products/693.html]
[www.thirst.com.ph/products/694.html]
[www.thirst.com.ph/products/1.html]
[www.thirst.com.ph/products/2.html]
[www.thirst.com.ph/products/3.html]
[www.thirst.com.ph/products/4.html]
[www.thirst.com.ph/products/5.html]
[www.thirst.com.ph/products/6.html]
[www.thirst.com.ph/products/8.html]
[www.thirst.com.ph/products/126.html]
[www.thirst.com.ph/products/127.html]
[www.thirst.com.ph/products/139.html]
[www.thirst.com.ph/products/204.html]
[www.thirst.com.ph/products/9.html]
[www.thirst.com.ph/products/10.html]
[www.thirst.com.ph/products/11.html]
[www.thirst.com.ph/products/12.html]
[www.thirst.com.ph/products/14.html]
[www.thirst.com.ph/products/15.html]
[www.thirst.com.ph/products/16.html]
[www.thirst.com.ph/products/17.html]
[www.thirst.com.ph/products/30.html]
[www.thirst.com.ph/products/59.html]
[www.thirst.com.ph/products/20.html]
[www.thirst.com.ph/products/21.html]
[www.thirst.com.ph/products/22.html]
[www.thirst.com.ph/products/23.html]
[www.thirst.com.ph/products/24.html]
[www.thirst.com.ph/products/25.html]
[www.thirst.com.ph/products/26.html]
[www.thirst.com.ph/products/27.html]
[www.thirst.com.ph/products/28.html]
[www.thirst.com.ph/products/29.html]
[www.thirst.com.ph/products/413.html]
[www.thirst.com.ph/products/31.html]
[www.thirst.com.ph/products/32.html]
[www.thirst.com.ph/products/33.html]
[www.thirst.com.ph/products/34.html]
[www.thirst.com.ph/products/35.html]
[www.thirst.com.ph/products/36.html]
[www.thirst.com.ph/products/37.html]
[www.thirst.com.ph/products/38.html]
[www.thirst.com.ph/products/39.html]
[www.thirst.com.ph/products/51.html]
[www.thirst.com.ph/products/52.html]
[www.thirst.com.ph/products/40.html]
[www.thirst.com.ph/products/41.html]
[www.thirst.com.ph/products/42.html]
[www.thirst.com.ph/products/43.html]
[www.thirst.com.ph/products/53.html]
[www.thirst.com.ph/products/54.html]
[www.thirst.com.ph/products/55.html]
[www.thirst.com.ph/products/56.html]
[www.thirst.com.ph/products/57.html]
[www.thirst.com.ph/products/164.html]
[www.thirst.com.ph/products/176.html]
[www.thirst.com.ph/products/177.html]
[www.thirst.com.ph/products/178.html]
[www.thirst.com.ph/products/214.html]
[www.thirst.com.ph/products/216.html]
[www.thirst.com.ph/products/237.html]
[www.thirst.com.ph/products/240.html]
[www.thirst.com.ph/products/262.html]
[www.thirst.com.ph/products/295.html]
[www.thirst.com.ph/products/296.html]
[www.thirst.com.ph/products/297.html]
[www.thirst.com.ph/products/311.html]
[www.thirst.com.ph/products/385.html]
[www.thirst.com.ph/products/404.html]
[www.thirst.com.ph/products/407.html]
[www.thirst.com.ph/products/419.html]
[www.thirst.com.ph/products/420.html]
[www.thirst.com.ph/products/421.html]
[www.thirst.com.ph/products/428.html]
[www.thirst.com.ph/products/422.html]
[www.thirst.com.ph/products/476.html]
[www.thirst.com.ph/products/477.html]
[www.thirst.com.ph/products/429.html]
[www.thirst.com.ph/products/395.html]
[www.thirst.com.ph/products/46.html]
[www.thirst.com.ph/products/47.html]
[www.thirst.com.ph/products/48.html]
[www.thirst.com.ph/products/49.html]
[www.thirst.com.ph/products/50.html]
[www.thirst.com.ph/products/389.html]
[www.thirst.com.ph/products/58.html]
[www.thirst.com.ph/products/60.html]
[www.thirst.com.ph/products/61.html]
[www.thirst.com.ph/products/62.html]
[www.thirst.com.ph/products/63.html]
[www.thirst.com.ph/products/64.html]
[www.thirst.com.ph/rails/active_storage/representations/redirect/eyJfcmFpbHMiOnsibWVzc2FnZSI6IkJBaHBSUT09IiwiZXh/eyJfcmFpbHMiOnsibWVzc2FnZSI6IkJBaDdDRG9MWm05eWJ/2Bombay_English_Estate_with_balloon.1b3.delay]
[www.thirst.com.ph/products/65.html]
[www.thirst.com.ph/products/66.html]
[www.thirst.com.ph/products/67.html]
[www.thirst.com.ph/products/68.html]
[www.thirst.com.ph/products/69.html]
[www.thirst.com.ph/products/70.html]
[www.thirst.com.ph/products/329.html]
[www.thirst.com.ph/products/330.html]
[www.thirst.com.ph/products/71.html]
[www.thirst.com.ph/products/73.html]
[www.thirst.com.ph/products/74.html]
[www.thirst.com.ph/products/76.html]
[www.thirst.com.ph/products/90.html]
[www.thirst.com.ph/products/91.html]
[www.thirst.com.ph/products/92.html]
[www.thirst.com.ph/products/93.html]
[www.thirst.com.ph/products/94.html]
[www.thirst.com.ph/products/331.html]
[www.thirst.com.ph/products/77.html]
[www.thirst.com.ph/rails/active_storage/representations/redirect/eyJfcmFpbHMiOnsibWVzc2FnZSI6IkJBaHBVZz09IiwiZXh/eyJfcmFpbHMiOnsibWVzc2FnZSI6IkJBaDdDRG9MWm05eWJ/Brugal_Especial_Extra_Dry_free_gift.1da.delay]
[www.thirst.com.ph/products/78.html]
[www.thirst.com.ph/products/79.html]
[www.thirst.com.ph/rails/active_storage/representations/redirect/eyJfcmFpbHMiOnsibWVzc2FnZSI6IkJBaHBWQT09IiwiZXh/eyJfcmFpbHMiOnsibWVzc2FnZSI6IkJBaDdDRG9MWm05eWJ/Budweiser_6_Pack_can__Backfat_Bites.1de.delay]
[www.thirst.com.ph/products/80.html]
[www.thirst.com.ph/products/81.html]
[www.thirst.com.ph/products/82.html]
[www.thirst.com.ph/products/83.html]
[www.thirst.com.ph/products/85.html]
[www.thirst.com.ph/products/88.html]
[www.thirst.com.ph/products/335.html]
[www.thirst.com.ph/products/95.html]
[www.thirst.com.ph/products/96.html]
[www.thirst.com.ph/products/97.html]
[www.thirst.com.ph/products/100.html]
[www.thirst.com.ph/products/115.html]
[www.thirst.com.ph/products/336.html]
[www.thirst.com.ph/products/337.html]
[www.thirst.com.ph/products/339.html]
[www.thirst.com.ph/products/165.html]
[www.thirst.com.ph/products/355.html]
[www.thirst.com.ph/products/356.html]
[www.thirst.com.ph/products/198.html]
[www.thirst.com.ph/products/199.html]
[www.thirst.com.ph/products/200.html]
[www.thirst.com.ph/products/194.html]
[www.thirst.com.ph/products/208.html]
[www.thirst.com.ph/products/210.html]
[www.thirst.com.ph/products/217.html]
[www.thirst.com.ph/products/218.html]
[www.thirst.com.ph/products/220.html]
[www.thirst.com.ph/products/242.html]
[www.thirst.com.ph/products/243.html]
[www.thirst.com.ph/products/244.html]
[www.thirst.com.ph/products/273.html]
[www.thirst.com.ph/products/373.html]
[www.thirst.com.ph/products/301.html]
[www.thirst.com.ph/products/312.html]
[www.thirst.com.ph/products/313.html]
[www.thirst.com.ph/products/314.html]
[www.thirst.com.ph/products/315.html]
[www.thirst.com.ph/products/375.html]
[www.thirst.com.ph/products/318.html]
[www.thirst.com.ph/products/319.html]
[www.thirst.com.ph/products/378.html]
[www.thirst.com.ph/products/340.html]
[www.thirst.com.ph/products/342.html]
[www.thirst.com.ph/products/343.html]
[www.thirst.com.ph/products/345.html]
[www.thirst.com.ph/products/101.html]
[www.thirst.com.ph/products/102.html]
[www.thirst.com.ph/products/103.html]
[www.thirst.com.ph/products/104.html]
[www.thirst.com.ph/products/346.html]
[www.thirst.com.ph/products/347.html]
[www.thirst.com.ph/products/348.html]
[www.thirst.com.ph/products/105.html]
[www.thirst.com.ph/products/106.html]
[www.thirst.com.ph/products/107.html]
[www.thirst.com.ph/products/108.html]
[www.thirst.com.ph/products/109.html]
[www.thirst.com.ph/products/110.html]
[www.thirst.com.ph/products/111.html]
[www.thirst.com.ph/products/112.html]
[www.thirst.com.ph/products/113.html]
[www.thirst.com.ph/products/114.html]
[www.thirst.com.ph/products/117.html]
[www.thirst.com.ph/products/118.html]
[www.thirst.com.ph/products/119.html]
[www.thirst.com.ph/products/120.html]
[www.thirst.com.ph/products/121.html]
[www.thirst.com.ph/products/123.html]
[www.thirst.com.ph/products/166.html]
[www.thirst.com.ph/products/167.html]
[www.thirst.com.ph/products/357.html]
[www.thirst.com.ph/products/190.html]
[www.thirst.com.ph/products/191.html]
[www.thirst.com.ph/rails/active_storage/representations/redirect/eyJfcmFpbHMiOnsibWVzc2FnZSI6IkJBaHBBYjg9IiwiZXh/eyJfcmFpbHMiOnsibWVzc2FnZSI6IkJBaDdDRG9MWm05eWJ/Glen_Elgin_18_Years_Old_Special_Release.275.d]
[www.thirst.com.ph/products/195.html]
[www.thirst.com.ph/products/202.html]
[www.thirst.com.ph/rails/active_storage/representations/redirect/eyJfcmFpbHMiOnsibWVzc2FnZSI6IkJBaHBBY289IiwiZXh/eyJfcmFpbHMiOnsibWVzc2FnZSI6IkJBaDdDRG9MWm05eWJ/Gossips_Sweet_lips_pink_moscato_750ml.279.del]
[www.thirst.com.ph/products/358.html]
[www.thirst.com.ph/products/223.html]
[www.thirst.com.ph/rails/active_storage/representations/redirect/eyJfcmFpbHMiOnsibWVzc2FnZSI6IkJBaHBBZDg9IiwiZXh/eyJfcmFpbHMiOnsibWVzc2FnZSI6IkJBaDdDRG9MWm05eWJ/Hardys-Stamp-Riesling-Gewurstraminer.27d.dela]
[www.thirst.com.ph/products/226.html]
[www.thirst.com.ph/products/258.html]
[www.thirst.com.ph/products/260.html]
[www.thirst.com.ph/products/245.html]
[www.thirst.com.ph/products/246.html]
[www.thirst.com.ph/products/247.html]
[www.thirst.com.ph/products/249.html]
[www.thirst.com.ph/products/276.html]
[www.thirst.com.ph/products/284.html]
[www.thirst.com.ph/products/285.html]
[www.thirst.com.ph/products/367.html]
[www.thirst.com.ph/products/298.html]
[www.thirst.com.ph/products/300.html]
[www.thirst.com.ph/products/322.html]
[www.thirst.com.ph/products/323.html]
[www.thirst.com.ph/products/382.html]
[www.thirst.com.ph/products/398.html]
[www.thirst.com.ph/products/399.html]
[www.thirst.com.ph/products/400.html]
[www.thirst.com.ph/products/124.html]
[www.thirst.com.ph/products/168.html]
[www.thirst.com.ph/products/189.html]
[www.thirst.com.ph/products/206.html]
[www.thirst.com.ph/products/227.html]
[www.thirst.com.ph/products/229.html]
[www.thirst.com.ph/products/248.html]
[www.thirst.com.ph/products/277.html]
[www.thirst.com.ph/products/279.html]
[www.thirst.com.ph/products/365.html]
[www.thirst.com.ph/products/292.html]
[www.thirst.com.ph/products/294.html]
[www.thirst.com.ph/products/302.html]
[www.thirst.com.ph/products/306.html]
[www.thirst.com.ph/products/309.html]
[www.thirst.com.ph/rails/active_storage/representations/redirect/eyJfcmFpbHMiOnsibWVzc2FnZSI6IkJBaHBBalVCIiwiZXh/eyJfcmFpbHMiOnsibWVzc2FnZSI6IkJBaDdDRG9MWm05eWJ/Loudenne_Les_Chateau_Bordeaux_Blanc_New_with_]
[www.thirst.com.ph/products/310.html]
[www.thirst.com.ph/rails/active_storage/representations/redirect/eyJfcmFpbHMiOnsibWVzc2FnZSI6IkJBaHBBallCIiwiZXh/eyJfcmFpbHMiOnsibWVzc2FnZSI6IkJBaDdDRG9MWm05eWJ/Loudenne_Les_Chateau_Bordeaux_Pack.2c4.delaye]
[www.thirst.com.ph/products/374.html]
[www.thirst.com.ph/products/321.html]
[www.thirst.com.ph/products/380.html]
[www.thirst.com.ph/products/381.html]
[www.thirst.com.ph/products/325.html]
[www.thirst.com.ph/products/326.html]
[www.thirst.com.ph/products/397.html]
[www.thirst.com.ph/products/409.html]
[www.thirst.com.ph/products/418.html]
[www.thirst.com.ph/products/423.html]
[www.thirst.com.ph/products/424.html]
[www.thirst.com.ph/products/425.html]
[www.thirst.com.ph/products/125.html]
[www.thirst.com.ph/products/169.html]
[www.thirst.com.ph/products/192.html]
[www.thirst.com.ph/products/201.html]
[www.thirst.com.ph/products/205.html]
[www.thirst.com.ph/products/207.html]
[www.thirst.com.ph/products/228.html]
[www.thirst.com.ph/products/230.html]
[www.thirst.com.ph/products/231.html]
[www.thirst.com.ph/products/280.html]
[www.thirst.com.ph/products/281.html]
[www.thirst.com.ph/products/282.html]
[www.thirst.com.ph/rails/active_storage/representations/redirect/eyJfcmFpbHMiOnsibWVzc2FnZSI6IkJBaHBBaG9CIiwiZXh/eyJfcmFpbHMiOnsibWVzc2FnZSI6IkJBaDdDRG9MWm05eWJ/Kavalan_Concert_Master_Sherry_Cask.2f6.delaye]
[www.thirst.com.ph/products/364.html]
[www.thirst.com.ph/products/368.html]
[www.thirst.com.ph/products/303.html]
[www.thirst.com.ph/products/304.html]
[www.thirst.com.ph/products/305.html]
[www.thirst.com.ph/products/376.html]
[www.thirst.com.ph/products/377.html]
[www.thirst.com.ph/products/387.html]
[www.thirst.com.ph/products/394.html]
[www.thirst.com.ph/products/408.html]
[www.thirst.com.ph/products/396.html]
[www.thirst.com.ph/products/410.html]
[www.thirst.com.ph/rails/active_storage/representations/redirect/eyJfcmFpbHMiOnsibWVzc2FnZSI6IkJBaHBBcG9CIiwiZXh/eyJfcmFpbHMiOnsibWVzc2FnZSI6IkJBaDdDRG9MWm05eWJ/Raasay_Inagural_Release_Vintage_2020.30e.dela]
[www.thirst.com.ph/products/411.html]
[www.thirst.com.ph/products/412.html]
[www.thirst.com.ph/rails/active_storage/representations/redirect/eyJfcmFpbHMiOnsibWVzc2FnZSI6IkJBaHBBcHdCIiwiZXh/eyJfcmFpbHMiOnsibWVzc2FnZSI6IkJBaDdDRG9MWm05eWJ/RB_Borders_Single_Grain_Scotch_Whisky.312.del]
[www.thirst.com.ph/products/349.html]
[www.thirst.com.ph/products/415.html]
[www.thirst.com.ph/products/416.html]
[www.thirst.com.ph/products/128.html]
[www.thirst.com.ph/products/132.html]
[www.thirst.com.ph/products/133.html]
[www.thirst.com.ph/products/134.html]
[www.thirst.com.ph/products/135.html]
[www.thirst.com.ph/products/136.html]
[www.thirst.com.ph/products/137.html]
[www.thirst.com.ph/products/350.html]
[www.thirst.com.ph/products/140.html]
[www.thirst.com.ph/products/143.html]
[www.thirst.com.ph/products/152.html]
[www.thirst.com.ph/products/153.html]
[www.thirst.com.ph/products/154.html]
[www.thirst.com.ph/products/155.html]
[www.thirst.com.ph/products/351.html]
[www.thirst.com.ph/products/417.html]
[www.thirst.com.ph/rails/active_storage/representations/redirect/eyJfcmFpbHMiOnsibWVzc2FnZSI6IkJBaHBBcUVCIiwiZXh/eyJfcmFpbHMiOnsibWVzc2FnZSI6IkJBaDdDRG9MWm05eWJ/Remy_Martin_Louie_XIII_Magnum_1.5L.339.delaye]
[www.thirst.com.ph/products/145.html]
[www.thirst.com.ph/rails/active_storage/representations/redirect/eyJfcmFpbHMiOnsibWVzc2FnZSI6IkJBaHBBWkU9IiwiZXh/eyJfcmFpbHMiOnsibWVzc2FnZSI6IkJBaDdDRG9MWm05eWJ/Dewars_Double_Aged_Party_Package_v2.33b.delay]
[www.thirst.com.ph/products/146.html]
[www.thirst.com.ph/products/147.html]
[www.thirst.com.ph/products/148.html]
[www.thirst.com.ph/products/149.html]
[www.thirst.com.ph/products/150.html]
[www.thirst.com.ph/products/151.html]
[www.thirst.com.ph/products/238.html]
[www.thirst.com.ph/products/239.html]
[www.thirst.com.ph/products/171.html]
[www.thirst.com.ph/products/172.html]
[www.thirst.com.ph/products/173.html]
[www.thirst.com.ph/products/183.html]
[www.thirst.com.ph/products/184.html]
[www.thirst.com.ph/products/185.html]
[www.thirst.com.ph/products/186.html]
[www.thirst.com.ph/products/187.html]
[www.thirst.com.ph/products/211.html]
[www.thirst.com.ph/rails/active_storage/representations/redirect/eyJfcmFpbHMiOnsibWVzc2FnZSI6IkJBaHBBZE09IiwiZXh/eyJfcmFpbHMiOnsibWVzc2FnZSI6IkJBaDdDRG9MWm05eWJ/Handpicked_Collection_Coonawarra_Cabernet_Sau]
[www.thirst.com.ph/products/232.html]
[www.thirst.com.ph/products/251.html]
[www.thirst.com.ph/products/360.html]
[www.thirst.com.ph/products/264.html]
[www.thirst.com.ph/products/266.html]
[www.thirst.com.ph/products/267.html]
[www.thirst.com.ph/products/268.html]
[www.thirst.com.ph/products/288.html]
[www.thirst.com.ph/products/363.html]
[www.thirst.com.ph/products/271.html]
[www.thirst.com.ph/rails/active_storage/representations/redirect/eyJfcmFpbHMiOnsibWVzc2FnZSI6IkJBaHBBZzhCIiwiZXh/eyJfcmFpbHMiOnsibWVzc2FnZSI6IkJBaDdDRG9MWm05eWJ/Johnnie_Walker_Blue_Year_of_the_Tiger_1L.372]
[www.thirst.com.ph/products/283.html]
[www.thirst.com.ph/products/286.html]
[www.thirst.com.ph/products/287.html]
[www.thirst.com.ph/products/366.html]
[www.thirst.com.ph/products/369.html]
[www.thirst.com.ph/products/370.html]
[www.thirst.com.ph/products/156.html]
[www.thirst.com.ph/products/174.html]
[www.thirst.com.ph/products/203.html]
[www.thirst.com.ph/products/212.html]
[www.thirst.com.ph/rails/active_storage/representations/redirect/eyJfcmFpbHMiOnsibWVzc2FnZSI6IkJBaHBBZFE9IiwiZXh/eyJfcmFpbHMiOnsibWVzc2FnZSI6IkJBaDdDRG9MWm05eWJ/Handpicked_Regional_Selections_Marlborough_Sa]
[www.thirst.com.ph/products/215.html]
[www.thirst.com.ph/products/221.html]
[www.thirst.com.ph/products/222.html]
[www.thirst.com.ph/products/224.html]
[www.thirst.com.ph/products/359.html]
[www.thirst.com.ph/products/225.html]
[www.thirst.com.ph/products/241.html]
[www.thirst.com.ph/products/257.html]
[www.thirst.com.ph/rails/active_storage/representations/redirect/eyJfcmFpbHMiOnsibWVzc2FnZSI6IkJBaHBBZ0VCIiwiZXh/eyJfcmFpbHMiOnsibWVzc2FnZSI6IkJBaDdDRG9MWm05eWJ/Jack_Daniels_Single_Barrel_Whiskey.396.delaye]
[www.thirst.com.ph/products/252.html]
[www.thirst.com.ph/products/253.html]
[www.thirst.com.ph/products/254.html]
[www.thirst.com.ph/products/272.html]
[www.thirst.com.ph/products/371.html]
[www.thirst.com.ph/products/289.html]
[www.thirst.com.ph/products/290.html]
[www.thirst.com.ph/products/291.html]
[www.thirst.com.ph/products/293.html]
[www.thirst.com.ph/products/324.html]
[www.thirst.com.ph/products/393.html]
[www.thirst.com.ph/products/308.html]
[www.thirst.com.ph/rails/active_storage/representations/redirect/eyJfcmFpbHMiOnsibWVzc2FnZSI6IkJBaHBBalFCIiwiZXh/eyJfcmFpbHMiOnsibWVzc2FnZSI6IkJBaDdDRG9MWm05eWJ/Loudenne_Les_Chateau_Bordeaux_Rouge_with_glas]
[www.thirst.com.ph/products/316.html]
[www.thirst.com.ph/products/383.html]
[www.thirst.com.ph/products/403.html]
[www.thirst.com.ph/products/405.html]
[www.thirst.com.ph/products/157.html]
[www.thirst.com.ph/products/158.html]
[www.thirst.com.ph/products/159.html]
[www.thirst.com.ph/products/160.html]
[www.thirst.com.ph/products/161.html]
[www.thirst.com.ph/products/162.html]
[www.thirst.com.ph/products/352.html]
[www.thirst.com.ph/products/353.html]
[www.thirst.com.ph/products/354.html]
[www.thirst.com.ph/products/390.html]
[www.thirst.com.ph/products/391.html]
[www.thirst.com.ph/rails/active_storage/representations/redirect/eyJfcmFpbHMiOnsibWVzc2FnZSI6IkJBaHBBb2NCIiwiZXh/eyJfcmFpbHMiOnsibWVzc2FnZSI6IkJBaDdDRG9MWm05eWJ/Paulaner_Munchner_Lager_in_Can_6pack.3cd.dela]
[www.thirst.com.ph/products/475.html]
[www.thirst.com.ph/products/163.html]
[www.thirst.com.ph/products/175.html]
[www.thirst.com.ph/rails/active_storage/representations/redirect/eyJfcmFpbHMiOnsibWVzc2FnZSI6IkJBaHBBYTg9IiwiZXh/eyJfcmFpbHMiOnsibWVzc2FnZSI6IkJBaDdDRG9MWm05eWJ/Flor_De_Cana_4_Years_Old_Extra_Seco.3d3.delay]
[www.thirst.com.ph/products/180.html]
[www.thirst.com.ph/rails/active_storage/representations/redirect/eyJfcmFpbHMiOnsibWVzc2FnZSI6IkJBaHBBYlE9IiwiZXh/eyJfcmFpbHMiOnsibWVzc2FnZSI6IkJBaDdDRG9MWm05eWJ/Frescobaldi_Montesodi_Chianti_Rufina.3d5.dela]
[www.thirst.com.ph/products/182.html]
[www.thirst.com.ph/products/213.html]
[www.thirst.com.ph/products/392.html]
[www.thirst.com.ph/products/219.html]
[www.thirst.com.ph/products/236.html]
[www.thirst.com.ph/products/361.html]
[www.thirst.com.ph/products/261.html]
[www.thirst.com.ph/products/263.html]
[www.thirst.com.ph/products/265.html]
[www.thirst.com.ph/products/270.html]
[www.thirst.com.ph/products/274.html]
[www.thirst.com.ph/products/275.html]
[www.thirst.com.ph/products/430.html]
[www.thirst.com.ph/products/432.html]
[www.thirst.com.ph/products/433.html]
[www.thirst.com.ph/products/498.html]
[www.thirst.com.ph/products/499.html]
[www.thirst.com.ph/products/500.html]
[www.thirst.com.ph/products/531.html]
[www.thirst.com.ph/products/532.html]
[www.thirst.com.ph/products/542.html]
[www.thirst.com.ph/products/434.html]
[www.thirst.com.ph/products/436.html]
[www.thirst.com.ph/products/437.html]
[www.thirst.com.ph/rails/active_storage/representations/redirect/eyJfcmFpbHMiOnsibWVzc2FnZSI6IkJBaHBBclVCIiwiZXh/eyJfcmFpbHMiOnsibWVzc2FnZSI6IkJBaDdDRG9MWm05eWJ/Russian_Standard_Platinum_Vodka_Old.406.delay]
[www.thirst.com.ph/products/438.html]
[www.thirst.com.ph/products/439.html]
[www.thirst.com.ph/products/440.html]
[www.thirst.com.ph/rails/active_storage/representations/redirect/eyJfcmFpbHMiOnsibWVzc2FnZSI6IkJBaHBBcmdCIiwiZXh/eyJfcmFpbHMiOnsibWVzc2FnZSI6IkJBaDdDRG9MWm05eWJ/SANTA_RITA_120_CAB_SAUV_LIMITED_EDITION.40c.d]
[www.thirst.com.ph/products/441.html]
[www.thirst.com.ph/products/442.html]
[www.thirst.com.ph/products/443.html]
[www.thirst.com.ph/products/444.html]
[www.thirst.com.ph/products/445.html]
[www.thirst.com.ph/products/446.html]
[www.thirst.com.ph/rails/active_storage/representations/redirect/eyJfcmFpbHMiOnsibWVzc2FnZSI6IkJBaHBBcjRCIiwiZXh/eyJfcmFpbHMiOnsibWVzc2FnZSI6IkJBaDdDRG9MWm05eWJ/SCHOFFERHOFER_GRAPEFRUIT_6_PACK_BOTTLES.418.d]
[www.thirst.com.ph/products/448.html]
[www.thirst.com.ph/products/449.html]
[www.thirst.com.ph/products/450.html]
[www.thirst.com.ph/products/451.html]
[www.thirst.com.ph/products/452.html]
[www.thirst.com.ph/products/453.html]
[www.thirst.com.ph/products/454.html]
[www.thirst.com.ph/products/455.html]
[www.thirst.com.ph/products/456.html]
[www.thirst.com.ph/products/457.html]
[www.thirst.com.ph/products/458.html]
[www.thirst.com.ph/products/459.html]
[www.thirst.com.ph/products/460.html]
[www.thirst.com.ph/products/462.html]
[www.thirst.com.ph/products/463.html]
[www.thirst.com.ph/products/533.html]
[www.thirst.com.ph/products/534.html]
[www.thirst.com.ph/products/535.html]
[www.thirst.com.ph/products/536.html]
[www.thirst.com.ph/products/537.html]
[www.thirst.com.ph/products/464.html]
[www.thirst.com.ph/rails/active_storage/representations/redirect/eyJfcmFpbHMiOnsibWVzc2FnZSI6IkJBaHBBdEFCIiwiZXh/eyJfcmFpbHMiOnsibWVzc2FnZSI6IkJBaDdDRG9MWm05eWJ/2Star_of_Bombay_with_balloon_glass.442.delaye]
[www.thirst.com.ph/products/465.html]
[www.thirst.com.ph/products/466.html]
[www.thirst.com.ph/products/468.html]
[www.thirst.com.ph/products/469.html]
[www.thirst.com.ph/products/470.html]
[www.thirst.com.ph/products/471.html]
[www.thirst.com.ph/products/472.html]
[www.thirst.com.ph/products/473.html]
[www.thirst.com.ph/products/474.html]
[www.thirst.com.ph/products/479.html]
[www.thirst.com.ph/products/481.html]
[www.thirst.com.ph/products/482.html]
[www.thirst.com.ph/products/483.html]
[www.thirst.com.ph/products/484.html]
[www.thirst.com.ph/products/486.html]
[www.thirst.com.ph/products/489.html]
[www.thirst.com.ph/products/490.html]
[www.thirst.com.ph/products/491.html]
[www.thirst.com.ph/products/494.html]
[www.thirst.com.ph/rails/active_storage/representations/redirect/eyJfcmFpbHMiOnsibWVzc2FnZSI6IkJBaHBBdTRCIiwiZXh/eyJfcmFpbHMiOnsibWVzc2FnZSI6IkJBaDdDRG9MWm05eWJ/Three_Kinds_Deli_Meat_Salami_Jamon_Serrano_Co]
[www.thirst.com.ph/products/495.html]
[www.thirst.com.ph/products/496.html]
[www.thirst.com.ph/products/497.html]
[www.thirst.com.ph/products/504.html]
[www.thirst.com.ph/products/505.html]
[www.thirst.com.ph/products/506.html]
[www.thirst.com.ph/products/507.html]
[www.thirst.com.ph/products/508.html]
[www.thirst.com.ph/products/515.html]
[www.thirst.com.ph/products/538.html]
[www.thirst.com.ph/products/539.html]
[www.thirst.com.ph/products/540.html]
[www.thirst.com.ph/products/541.html]
[www.thirst.com.ph/products/509.html]
[www.thirst.com.ph/products/511.html]
[www.thirst.com.ph/products/512.html]
[www.thirst.com.ph/products/513.html]
[www.thirst.com.ph/products/516.html]
[www.thirst.com.ph/products/517.html]
[www.thirst.com.ph/products/519.html]
[www.thirst.com.ph/products/527.html]
[www.thirst.com.ph/products/528.html]
[www.thirst.com.ph/products/529.html]
[www.thirst.com.ph/products/530.html]
[www.thirst.com.ph/products/520.html]
[www.thirst.com.ph/products/523.html]
[www.thirst.com.ph/products/524.html]
[www.thirst.com.ph/products/525.html]
[www.thirst.com.ph/products/543.html]
[www.thirst.com.ph/products/544.html]
[www.thirst.com.ph/products/545.html]
[www.thirst.com.ph/products/546.html]
[www.thirst.com.ph/products/547.html]
[www.thirst.com.ph/products/548.html]
[www.thirst.com.ph/products/549.html]
[www.thirst.com.ph/products/550.html]
[www.thirst.com.ph/products/551.html]
[www.thirst.com.ph/products/552.html]
[www.thirst.com.ph/products/553.html]
[www.thirst.com.ph/products/554.html]
[www.thirst.com.ph/products/555.html]
[www.thirst.com.ph/products/556.html]
[www.thirst.com.ph/products/557.html]
[www.thirst.com.ph/products/558.html]
[www.thirst.com.ph/rails/active_storage/representations/redirect/eyJfcmFpbHMiOnsibWVzc2FnZSI6IkJBaHBBaTRDIiwiZXh/eyJfcmFpbHMiOnsibWVzc2FnZSI6IkJBaDdDRG9MWm05eWJ/RM_Woodbridge_Sauv_Blanc_New_Label.4c7.delaye]
[www.thirst.com.ph/products/559.html]
[www.thirst.com.ph/products/560.html]
[www.thirst.com.ph/products/561.html]
[www.thirst.com.ph/products/562.html]
[www.thirst.com.ph/products/563.html]
[www.thirst.com.ph/products/564.html]
[www.thirst.com.ph/products/565.html]
[www.thirst.com.ph/products/566.html]
[www.thirst.com.ph/products/567.html]
[www.thirst.com.ph/products/568.html]
[www.thirst.com.ph/products/569.html]
[www.thirst.com.ph/products/572.html]
[www.thirst.com.ph/rails/active_storage/representations/redirect/eyJfcmFpbHMiOnsibWVzc2FnZSI6IkJBaHBBbzhGIiwiZXh/eyJfcmFpbHMiOnsibWVzc2FnZSI6IkJBaDdDRG9MWm05eWJ/Chamdor_sparkling_grape_white_750ml.4e0.delay]
[www.thirst.com.ph/products/652.html]
[www.thirst.com.ph/products/678.html]
[www.thirst.com.ph/products/665.html]
[www.thirst.com.ph/products/278.html]
[www.thirst.com.ph/products/692.html]
[www.thirst.com.ph/products/695.html]
[www.thirst.com.ph/products/696.html]
[www.thirst.com.ph/products/697.html]
[www.thirst.com.ph/products/698.html]
[www.thirst.com.ph/products/699.html]
[www.thirst.com.ph/products/700.html]
[www.thirst.com.ph/products/75.html]
[www.thirst.com.ph/products/461.html]
[www.thirst.com.ph/products/683.html]
[www.thirst.com.ph/products/660.html]
[www.thirst.com.ph/products/664.html]
[www.thirst.com.ph/rails/active_storage/representations/redirect/eyJfcmFpbHMiOnsibWVzc2FnZSI6IkJBaHBBaG9JIiwiZXh/eyJfcmFpbHMiOnsibWVzc2FnZSI6IkJBaDdDRG9MWm05eWJ/Chamdor_sparkling_grape_white_750ml.ed6.delay]
[www.thirst.com.ph/products/672.html]
[www.thirst.com.ph/products/577.html]
[www.thirst.com.ph/products/673.html]
[www.thirst.com.ph/products/675.html]
[www.thirst.com.ph/products/578.html]
[www.thirst.com.ph/products/676.html]
[www.thirst.com.ph/products/579.html]
[www.thirst.com.ph/products/580.html]
[www.thirst.com.ph/products/581.html]
[www.thirst.com.ph/products/582.html]
[www.thirst.com.ph/products/584.html]
[www.thirst.com.ph/rails/active_storage/representations/redirect/eyJfcmFpbHMiOnsibWVzc2FnZSI6IkJBaHBBcXdGIiwiZXh/eyJfcmFpbHMiOnsibWVzc2FnZSI6IkJBaDdDRG9MWm05eWJ/Gato_negro_9lives_sauv_blanc_750ml.f0d.delaye]
[www.thirst.com.ph/products/585.html]
[www.thirst.com.ph/products/586.html]
[www.thirst.com.ph/products/587.html]
[www.thirst.com.ph/products/589.html]
[www.thirst.com.ph/products/588.html]
[www.thirst.com.ph/products/590.html]
[www.thirst.com.ph/products/591.html]
[www.thirst.com.ph/products/592.html]
[www.thirst.com.ph/products/593.html]
[www.thirst.com.ph/products/594.html]
[www.thirst.com.ph/rails/active_storage/representations/redirect/eyJfcmFpbHMiOnsibWVzc2FnZSI6IkJBaHBBcllGIiwiZXh/eyJfcmFpbHMiOnsibWVzc2FnZSI6IkJBaDdDRG9MWm05eWJ/Hardys-Nottage_Hill-Cabernet-Shiraz_750ml.f2e]
[www.thirst.com.ph/products/600.html]
[www.thirst.com.ph/products/601.html]
[www.thirst.com.ph/products/602.html]
[www.thirst.com.ph/rails/active_storage/representations/redirect/eyJfcmFpbHMiOnsibWVzc2FnZSI6IkJBaHBBZzBHIiwiZXh/eyJfcmFpbHMiOnsibWVzc2FnZSI6IkJBaDdDRG9MWm05eWJ/Jacobs_Creek_Dots_moscato_rose_750ml.f42.dela]
[www.thirst.com.ph/products/603.html]
[www.thirst.com.ph/products/612.html]
[www.thirst.com.ph/products/613.html]
[www.thirst.com.ph/products/614.html]
[www.thirst.com.ph/products/620.html]
[www.thirst.com.ph/products/622.html]
[www.thirst.com.ph/products/621.html]
[www.thirst.com.ph/products/623.html]
[www.thirst.com.ph/products/624.html]
[www.thirst.com.ph/products/625.html]
[www.thirst.com.ph/products/626.html]
[www.thirst.com.ph/products/627.html]
[www.thirst.com.ph/products/628.html]
[www.thirst.com.ph/products/629.html]
[www.thirst.com.ph/products/630.html]
[www.thirst.com.ph/products/631.html]
[www.thirst.com.ph/products/632.html]
[www.thirst.com.ph/rails/active_storage/representations/redirect/eyJfcmFpbHMiOnsibWVzc2FnZSI6IkJBaHBBalFHIiwiZXh/eyJfcmFpbHMiOnsibWVzc2FnZSI6IkJBaDdDRG9MWm05eWJ/SANTA_RITA_medalla_real_cab_sauv_750ml.faa.de]
[www.thirst.com.ph/products/633.html]
[www.thirst.com.ph/rails/active_storage/representations/redirect/eyJfcmFpbHMiOnsibWVzc2FnZSI6IkJBaHBBalVHIiwiZXh/eyJfcmFpbHMiOnsibWVzc2FnZSI6IkJBaDdDRG9MWm05eWJ/SANTA_RITA_estate_reserve_cab_sauv_750ml.fac]
[www.thirst.com.ph/products/634.html]
[www.thirst.com.ph/rails/active_storage/representations/redirect/eyJfcmFpbHMiOnsibWVzc2FnZSI6IkJBaHBBallHIiwiZXh/eyJfcmFpbHMiOnsibWVzc2FnZSI6IkJBaDdDRG9MWm05eWJ/SANTA_RITA_estate_reserve_sauv_blanc_750ml.fa]
[www.thirst.com.ph/products/639.html]
[www.thirst.com.ph/products/641.html]
[www.thirst.com.ph/products/640.html]
[www.thirst.com.ph/products/636.html]
[www.thirst.com.ph/products/637.html]
[www.thirst.com.ph/products/638.html]
[www.thirst.com.ph/products/643.html]
[www.thirst.com.ph/rails/active_storage/representations/redirect/eyJfcmFpbHMiOnsibWVzc2FnZSI6IkJBaHBBajhHIiwiZXh/eyJfcmFpbHMiOnsibWVzc2FnZSI6IkJBaDdDRG9MWm05eWJ/Wolf_Blass_Red_Label_Shiraz_Cab_750ml.fbe.del]
[www.thirst.com.ph/products/644.html]
[www.thirst.com.ph/rails/active_storage/representations/redirect/eyJfcmFpbHMiOnsibWVzc2FnZSI6IkJBaHBBa0FHIiwiZXh/eyJfcmFpbHMiOnsibWVzc2FnZSI6IkJBaDdDRG9MWm05eWJ/Wolf_Blass_yellow_Label_Cab_Sauv_750ml.fc1.de]
[www.thirst.com.ph/products/645.html]
[www.thirst.com.ph/rails/active_storage/representations/redirect/eyJfcmFpbHMiOnsibWVzc2FnZSI6IkJBaHBBa0VHIiwiZXh/eyJfcmFpbHMiOnsibWVzc2FnZSI6IkJBaDdDRG9MWm05eWJ/Wolf_Blass_yellow_Label_Chardonnay_750ml.fc3]
[www.thirst.com.ph/products/646.html]
[www.thirst.com.ph/rails/active_storage/representations/redirect/eyJfcmFpbHMiOnsibWVzc2FnZSI6IkJBaHBBa0lHIiwiZXh/eyJfcmFpbHMiOnsibWVzc2FnZSI6IkJBaDdDRG9MWm05eWJ/Wolf_Blass_yellow_Label_riesling_750ml.fc6.de]
[www.thirst.com.ph/products/647.html]
[www.thirst.com.ph/products/661.html]
[www.thirst.com.ph/products/659.html]
[www.thirst.com.ph/rails/active_storage/representations/redirect/eyJfcmFpbHMiOnsibWVzc2FnZSI6IkJBaHBBZ1lDIiwiZXh/eyJfcmFpbHMiOnsibWVzc2FnZSI6IkJBaDdDRG9MWm05eWJ/Macallan_Harmony_Collection_700ml.1003.delaye]
[www.thirst.com.ph/rails/active_storage/representations/redirect/eyJfcmFpbHMiOnsibWVzc2FnZSI6IkJBaHBBb29JIiwiZXh/eyJfcmFpbHMiOnsibWVzc2FnZSI6IkJBaDdDRG9MWm05eWJ/Hardy's Stamp Cabernet Merlot 2+1.1011.delaye]
[www.thirst.com.ph/categories/16.html]
[www.thirst.com.ph/categories/19.html]
[www.thirst.com.ph/categories/18.html]
[www.thirst.com.ph/categories/21.html]
[www.thirst.com.ph/locations/10.html]
[www.thirst.com.ph/categories/20.html]
[www.thirst.com.ph/categories/4.html]
[www.thirst.com.ph/categories/7.html]
[www.thirst.com.ph/categories/22.html]
[www.thirst.com.ph/categories/1.html]
[www.thirst.com.ph/locations/4.html]
[www.thirst.com.ph/locations/5.html]
[www.thirst.com.ph/locations/6.html]
[www.thirst.com.ph/locations/8.html]
[www.thirst.com.ph/locations/11.html]
[www.thirst.com.ph/locations/12.html]
[www.thirst.com.ph/categories/14.html]
[www.thirst.com.ph/categories/10.html]
[www.thirst.com.ph/categories/15.html]
[www.thirst.com.ph/categories/2.html]
[www.thirst.com.ph/categories/3.html]
[www.thirst.com.ph/categories/6.html]
[www.thirst.com.ph/categories/29.html]
[www.thirst.com.ph/products/649.html]
[www.thirst.com.ph/products/610.html]
[www.thirst.com.ph/products/615.html]
[www.thirst.com.ph/products/618.html]
[www.thirst.com.ph/products/616.html]
[www.thirst.com.ph/products/617.html]
[www.thirst.com.ph/rails/active_storage/representations/redirect/eyJfcmFpbHMiOnsibWVzc2FnZSI6IkJBaHBBaVVHIiwiZXh/eyJfcmFpbHMiOnsibWVzc2FnZSI6IkJBaDdDRG9MWm05eWJ/Margarita__Queen_Strawberry_750ml.1bc6.delaye]
[www.thirst.com.ph/products/619.html]
[www.thirst.com.ph/rails/active_storage/representations/redirect/eyJfcmFpbHMiOnsibWVzc2FnZSI6IkJBaHBBZmc9IiwiZXh/eyJfcmFpbHMiOnsibWVzc2FnZSI6IkJBaDdDRG9MWm05eWJ/Hoegaarden_Peach_500ML_CAN_6_Pack.1bd6.delaye]
[www.thirst.com.ph/products/669.html]
[www.thirst.com.ph/products/670.html]
[www.thirst.com.ph/products/674.html]
[www.thirst.com.ph/products/596.html]
[www.thirst.com.ph/products/595.html]
[www.thirst.com.ph/products/597.html]
[www.thirst.com.ph/products/598.html]
[www.thirst.com.ph/products/599.html]
[www.thirst.com.ph/products/606.html]
[www.thirst.com.ph/products/607.html]
[www.thirst.com.ph/products/608.html]
[www.thirst.com.ph/products/609.html]
[www.thirst.com.ph/rails/active_storage/representations/redirect/eyJfcmFpbHMiOnsibWVzc2FnZSI6IkJBaHBBaFFHIiwiZXh/eyJfcmFpbHMiOnsibWVzc2FnZSI6IkJBaDdDRG9MWm05eWJ/johnnie_walker_white_walker_700ml.1c33.delaye]
[www.thirst.com.ph/products/642.html]
[www.thirst.com.ph/products/658.html]
[www.thirst.com.ph/rails/active_storage/representations/redirect/eyJfcmFpbHMiOnsibWVzc2FnZSI6IkJBaHBBdndIIiwiZXh/eyJfcmFpbHMiOnsibWVzc2FnZSI6IkJBaDdDRG9MWm05eWJ/Ballantines Finest Blended Scotch Whisky.1c78]
[www.thirst.com.ph/products/666.html]
[www.thirst.com.ph/products/667.html]
[www.thirst.com.ph/products/668.html]
[www.thirst.com.ph/products/583.html]
[www.thirst.com.ph/products/662.html]
[www.thirst.com.ph/products/7.html]
[www.thirst.com.ph/products/574.html]
[www.thirst.com.ph/products/575.html]
[www.thirst.com.ph/products/576.html]
[www.thirst.com.ph/rails/active_storage/representations/redirect/eyJfcmFpbHMiOnsibWVzc2FnZSI6IkJBaHBBckFGIiwiZXh/eyJfcmFpbHMiOnsibWVzc2FnZSI6IkJBaDdDRG9MWm05eWJ/Gossips_sweet_lips_dolcetto_750ml.1cc2.delaye]
[www.thirst.com.ph/products/604.html]
[www.thirst.com.ph/products/605.html]
[www.thirst.com.ph/products/611.html]
[www.thirst.com.ph/products/635.html]
[www.thirst.com.ph/products/650.html]
[www.thirst.com.ph/products/651.html]
[www.thirst.com.ph/products/653.html]
[www.thirst.com.ph/products/654.html]
[www.thirst.com.ph/products/655.html]
[www.thirst.com.ph/products/656.html]
[www.thirst.com.ph/products/657.html]
[www.thirst.com.ph/products/663.html]
[www.thirst.com.ph/rails/active_storage/representations/redirect/eyJfcmFpbHMiOnsibWVzc2FnZSI6IkJBaHBBaHdJIiwiZXh/eyJfcmFpbHMiOnsibWVzc2FnZSI6IkJBaDdDRG9MWm05eWJ/Chamdor_sparkling_grape_red_750ml.1d0b.delaye]
[www.thirst.com.ph/products/671.html]
